// Jest Snapshot v1, https://goo.gl/fbAQLP

exports[`matches snapshot 1`] = `
<DocumentFragment>
  <form>
    <label
      for="name"
    >
      Tasks
    </label>
    <input
      name="name"
      placeholder="task name here"
      value=""
    />
    <button>
      Add Task
    </button>
  </form>
</DocumentFragment>
`;
